Java HotSpot(TM) 64-Bit Server VM (25.121-b13) for windows-amd64 JRE (1.8.0_121-b13), built on Dec 12 2016 18:21:36 by "java_re" with MS VC++ 10.0 (VS2010)
Memory: 4k page, physical 8291332k(2970096k free), swap 16580760k(6283240k free)
CommandLine flags: -XX:InitialHeapSize=132661312 -XX:MaxHeapSize=2122580992 -XX:+PrintGC -XX:+PrintGCDetails -XX:+PrintGCTimeStamps -XX:+UseCompressedClassPointers -XX:+UseCompressedOops -XX:-UseLargePagesIndividualAllocation -XX:+UseParallelGC 
0.196: [GC (Allocation Failure) [PSYoungGen: 33280K->5097K(38400K)] 33280K->30049K(125952K), 0.0404254 secs] [Times: user=0.17 sys=0.00, real=0.04 secs] 
0.246: [GC (Allocation Failure) [PSYoungGen: 38377K->5118K(71680K)] 63329K->61142K(159232K), 0.0534419 secs] [Times: user=0.20 sys=0.05, real=0.05 secs] 
0.300: [Full GC (Ergonomics) [PSYoungGen: 5118K->0K(71680K)] [ParOldGen: 56024K->60850K(154112K)] 61142K->60850K(225792K), [Metaspace: 2588K->2588K(1056768K)], 1.1496652 secs] [Times: user=3.45 sys=0.03, real=1.15 secs] 
1.477: [GC (618.551: [GC (Allocation Failure) [PSYoungGen: 33280K->984K(38400K)] 35611K->3323K(74240K), 0.0053874 secs] [Times: user=0.00 sys=0.00, real=0.00 secs] 
ull GC (Ergonomics) [PSYoungGen: 5100K->0K(71680K)] [ParOldGen: 119386K->122132K(294912K)] 124486K->122132K(366592K), [Metaspace: 2588K->2588K(1056768K)], 0.9215071 secs] [Times: user=2.68 sys=0.02, real=0.92 secs] 
2.530: [GC (Allocation Failure) [PSYoungGen: 66560K->5120K(92672K)] 188692K->188926K(387584K), 0.1215481 secs] [Times: user=0.28 sys=0.00, real=0.12 secs] 
2.676: [GC (Allocation Failure) [PSYoungGen: 85224K->5120K(96768K)] 269031K->269110K(391680K), 0.2480489 secs] [Times: user=0.84 sys=0.03, real=0.25 secs] 
2.924: [Full GC (Ergonomics) [PSYoungGen: 5120K->0K(96768K)] [ParOldGen: 263990K->263814K(524800K)] 269110K->263814K(621568K), [Metaspace: 2588K->2588K(1056768K)], 2.0482089 secs] [Times: user=6.16 sys=0.08, real=2.05 secs] 
4.994: [GC (Allocation Failure) [PSYoungGen: 91648K->91803K(214016K)] 355462K->355617K(738816K), 0.1242045 secs] [Times: user=0.28 sys=0.06, real=0.13 secs] 
5.157: [GC (Allocation Failure) [PSYoungGen: 207003K->111608K(226816K)] 470817K->460422K(751616K), 0.2683390 secs] [Times: user=0.91 sys=0.05, real=0.27 secs] 
5.455: [GC (Allocation Failure) [PSYoungGen: 226808K->172536K(291328K)] 575622K->575910K(816128K), 0.3299773 secs] [Times: user=1.01 sys=0.09, real=0.33 secs] 
5.822: [GC (Allocation Failure) [PSYoungGen: 291320K->225252K(344064K)] 694694K->678922K(868864K), 0.3306351 secs] [Times: user=1.20 sys=0.00, real=0.33 secs] 
6.153: [Full GC (Ergonomics) [PSYoungGen: 225252K->146261K(344064K)] [ParOldGen: 453670K->524549K(867840K)] 678922K->670811K(1211904K), [Metaspace: 2588K->2588K(1056768K)], 5.1726653 secs] [Times: user=16.18 sys=0.11, real=5.17 secs] 
11.352: [GC (Allocation Failure) [PSYoungGen: 265045K->230400K(388096K)] 789595K->789965K(1255936K), 0.9018290 secs] [Times: user=3.07 sys=0.09, real=0.90 secs] 
12.292: [GC (Allocation Failure) [PSYoungGen: 388096K->230391K(397312K)] 947661K->948253K(1265152K), 0.5604354 secs] [Times: user=1.97 sys=0.05, real=0.56 secs] 
12.907: [GC (Allocation Failure) [PSYoungGen: 397303K->230391K(449024K)] 1115165K->1115781K(1334784K), 0.4973084 secs] [Times: user=1.84 sys=0.08, real=0.50 secs] 
13.404: [Full GC (Ergonomics) [PSYoungGen: 230391K->230204K(449024K)] [ParOldGen: 885389K->859958K(1354240K)] 1115781K->1090162K(1803264K), [Metaspace: 2588K->2588K(1056768K)], 8.5170765 secs] [Times: user=26.68 sys=0.06, real=8.52 secs] 
21.967: [GC (Allocation Failure) [PSYoungGen: 448828K->218880K(449024K)] 1308786K->1309797K(1803264K), 0.7680239 secs] [Times: user=2.65 sys=0.13, real=0.77 secs] 
22.806: [GC (Allocation Failure) [PSYoungGen: 437504K->218850K(460800K)] 1528421K->1529256K(1815040K), 0.6582303 secs] [Times: user=2.03 sys=0.17, real=0.66 secs] 
23.464: [Full GC (Ergonomics) [PSYoungGen: 218850K->137241K(460800K)] [ParOldGen: 1310405K->1354111K(1383424K)] 1529256K->1491353K(1844224K), [Metaspace: 2588K->2588K(1056768K)], 10.2219146 secs] [Times: user=32.46 sys=0.17, real=10.22 secs] 
33.732: [Full GC (Ergonomics) [PSYoungGen: 367641K->338456K(460800K)] [ParOldGen: 1354111K->1383295K(1383424K)] 1721753K->1721752K(1844224K), [Metaspace: 2588K->2588K(1056768K)], 8.6342397 secs] [Times: user=29.33 sys=0.06, real=8.63 secs] 
42.367: [Full GC (Ergonomics) [PSYoungGen: 338457K->338457K(460800K)] [ParOldGen: 1383295K->1383295K(1383424K)] 1721752K->1721752K(1844224K), [Metaspace: 2588K->2588K(1056768K)], 8.7425978 secs] [Times: user=28.77 sys=0.16, real=8.74 secs] 
51.109: [Full GC (Ergonomics) [PSYoungGen: 338457K->338457K(460800K)] [ParOldGen: 1383295K->1383295K(1383424K)] 1721752K->1721752K(1844224K), [Metaspace: 2588K->2588K(1056768K)], 8.7666677 secs] [Times: user=28.91 sys=0.08, real=8.77 secs] 
59.876: [Full GC (Ergonomics) [PSYoungGen: 338457K->338457K(460800K)] [ParOldGen: 1383297K->1383297K(1383424K)] 1721754K->1721754K(1844224K), [Metaspace: 2588K->2588K(1056768K)], 8.5164980 secs] [Times: user=28.17 sys=0.11, real=8.52 secs] 
68.393: [Full GC (Ergonomics) [PSYoungGen: 338457K->338457K(460800K)] [ParOldGen: 1383299K->1383299K(1383424K)] 1721756K->1721756K(1844224K), [Metaspace: 2588K->2588K(1056768K)], 8.6997133 secs] [Times: user=28.66 sys=0.14, real=8.70 secs] 
77.093: [Full GC (Ergonomics) [PSYoungGen: 338457K->338457K(460800K)] [ParOldGen: 1383301K->1383301K(1383424K)] 1721758K->1721758K(1844224K), [Metaspace: 2588K->2588K(1056768K)], 8.5902179 secs] [Times: user=28.55 sys=0.17, real=8.59 secs] 
85.683: [Full GC (Ergonomics) [PSYoungGen: 338457K->338457K(460800K)] [ParOldGen: 1383302K->1383302K(1383424K)] 1721760K->1721760K(1844224K), [Metaspace: 2588K->2588K(1056768K)], 8.5732783 secs] [Times: user=28.61 sys=0.17, real=8.57 secs] 
94.257: [Full GC (Ergonomics) [PSYoungGen: 338457K->338457K(460800K)] [ParOldGen: 1383304K->1383304K(1383424K)] 1721761K->1721761K(1844224K), [Metaspace: 2588K->2588K(1056768K)], 8.7305945 secs] [Times: user=28.72 sys=0.16, real=8.73 secs] 
102.988: [Full GC (Ergonomics) [PSYoungGen: 338457K->338457K(460800K)] [ParOldGen: 1383306K->1383306K(1383424K)] 1721763K->1721763K(1844224K), [Metaspace: 2588K->2588K(1056768K)], 8.6155512 secs] [Times: user=28.55 sys=0.20, real=8.62 secs] 
111.604: [Full GC (Ergonomics) [PSYoungGen: 338457K->338457K(460800K)] [ParOldGen: 1383308K->1383308K(1383424K)] 1721765K->1721765K(1844224K), [Metaspace: 2588K->2588K(1056768K)], 8.5020464 secs] [Times: user=28.69 sys=0.05, real=8.50 secs] 
120.106: [Full GC (Ergonomics) [PSYoungGen: 338457K->338457K(460800K)] [ParOldGen: 1383310K->1383310K(1383424K)] 1721767K->1721767K(1844224K), [Metaspace: 2588K->2588K(1056768K)], 8.5513246 secs] [Times: user=28.44 sys=0.16, real=8.55 secs] 
128.657: [Full GC (Ergonomics) [PSYoungGen: 338457K->338457K(460800K)] [ParOldGen: 1383311K->1383311K(1383424K)] 1721769K->1721769K(1844224K), [Metaspace: 2588K->2588K(1056768K)], 8.5506295 secs] [Times: user=28.49 sys=0.16, real=8.55 secs] 
137.208: [Full GC (Ergonomics) [PSYoungGen: 338457K->338457K(460800K)] [ParOldGen: 1383313K->1383313K(1383424K)] 1721770K->1721770K(1844224K), [Metaspace: 2588K->2588K(1056768K)], 8.6411200 secs] [Times: user=29.06 sys=0.12, real=8.64 secs] 
145.850: [Full GC (Ergonomics) [PSYoungGen: 338457K->338457K(460800K)] [ParOldGen: 1383315K->1383315K(1383424K)] 1721772K->1721772K(1844224K), [Metaspace: 2588K->2588K(1056768K)], 8.5808818 secs] [Times: user=28.45 sys=0.13, real=8.58 secs] 
154.431: [Full GC (Ergonomics) [PSYoungGen: 338457K->338457K(460800K)] [ParOldGen: 1383317K->1383317K(1383424K)] 1721774K->1721774K(1844224K), [Metaspace: 2588K->2588K(1056768K)], 8.9851887 secs] [Times: user=28.42 sys=0.08, real=8.99 secs] 
163.417: [Full GC (Ergonomics) [PSYoungGen: 338457K->338457K(460800K)] [ParOldGen: 1383319K->1383319K(1383424K)] 1721776K->1721776K(1844224K), [Metaspace: 2588K->2588K(1056768K)], 9.3872116 secs] [Times: user=28.05 sys=0.09, real=9.39 secs] 
172.804: [Full GC (Ergonomics) [PSYoungGen: 338457K->338457K(460800K)] [ParOldGen: 1383320K->1383320K(1383424K)] 1721778K->1721778K(1844224K), [Metaspace: 2588K->2588K(1056768K)], 9.1944423 secs] [Times: user=28.64 sys=0.13, real=9.19 secs] 
181.999: [Full GC (Ergonomics) [PSYoungGen: 338457K->338457K(460800K)] [ParOldGen: 1383322K->1383322K(1383424K)] 1721779K->1721779K(1844224K), [Metaspace: 2588K->2588K(1056768K)], 9.0417223 secs] [Times: user=28.67 sys=0.17, real=9.04 secs] 
191.041: [Full GC (Ergonomics) [PSYoungGen: 338457K->338457K(460800K)] [ParOldGen: 1383324K->1383324K(1383424K)] 1721781K->1721781K(1844224K), [Metaspace: 2588K->2588K(1056768K)], 9.4155148 secs] [Times: user=27.75 sys=0.03, real=9.42 secs] 
200.457: [Full GC (Ergonomics) [PSYoungGen: 338457K->338457K(460800K)] [ParOldGen: 1383326K->1383326K(1383424K)] 1721783K->1721783K(1844224K), [Metaspace: 2588K->2588K(1056768K)], 8.7478914 secs] [Times: user=29.58 sys=0.13, real=8.75 secs] 
209.205: [Full GC (Ergonomics) [PSYoungGen: 338457K->338457K(460800K)] [ParOldGen: 1383328K->1383328K(1383424K)] 1721785K->1721785K(1844224K), [Metaspace: 2588K->2588K(1056768K)], 9.1977929 secs] [Times: user=28.17 sys=0.22, real=9.20 secs] 
218.403: [Full GC (Ergonomics) [PSYoungGen: 338457K->338457K(460800K)] [ParOldGen: 1383329K->1383329K(1383424K)] 1721787K->1721787K(1844224K), [Metaspace: 2588K->2588K(1056768K)], 10.3460211 secs] [Times: user=28.64 sys=0.11, real=10.35 secs] 
228.751: [Full GC (Ergonomics) [PSYoungGen: 338457K->338457K(460800K)] [ParOldGen: 1383331K->1383331K(1383424K)] 1721788K->1721788K(1844224K), [Metaspace: 2588K->2588K(1056768K)], 9.8279813 secs] [Times: user=27.92 sys=0.20, real=9.83 secs] 
238.579: [Full GC (Ergonomics) [PSYoungGen: 338457K->338457K(460800K)] [ParOldGen: 1383333K->1383333K(1383424K)] 1721790K->1721790K(1844224K), [Metaspace: 2588K->2588K(1056768K)], 9.7813287 secs] [Times: user=28.06 sys=0.22, real=9.78 secs] 
248.362: [Full GC (Ergonomics) [PSYoungGen: 338457K->338457K(460800K)] [ParOldGen: 1383335K->1383335K(1383424K)] 1721792K->1721792K(1844224K), [Metaspace: 2588K->2588K(1056768K)], 9.3537015 secs] [Times: user=28.19 sys=0.08, real=9.35 secs] 
257.716: [Full GC (Ergonomics) [PSYoungGen: 338457K->338457K(460800K)] [ParOldGen: 1383337K->1383337K(1383424K)] 1721794K->1721794K(1844224K), [Metaspace: 2588K->2588K(1056768K)], 9.0162192 secs] [Times: user=28.17 sys=0.08, real=9.02 secs] 
266.732: [Full GC (Ergonomics) [PSYoungGen: 338457K->338457K(460800K)] [ParOldGen: 1383338K->1383338K(1383424K)] 1721796K->1721796K(1844224K), [Metaspace: 2588K->2588K(1056768K)], 9.6689912 secs] [Times: user=28.95 sys=0.23, real=9.67 secs] 
276.402: [Full GC (Ergonomics) [PSYoungGen: 338457K->338457K(460800K)] [ParOldGen: 1383340K->1383340K(1383424K)] 1721797K->1721797K(1844224K), [Metaspace: 2588K->2588K(1056768K)], 10.2040620 secs] [Times: user=27.88 sys=0.28, real=10.20 secs] 
286.606: [Full GC (Ergonomics) [PSYoungGen: 338457K->338457K(460800K)] [ParOldGen: 1383342K->1383342K(1383424K)] 1721799K->1721799K(1844224K), [Metaspace: 2588K->2588K(1056768K)], 9.0054108 secs] [Times: user=29.03 sys=0.08, real=9.00 secs] 
295.612: [Full GC (Ergonomics) [PSYoungGen: 338457K->338457K(460800K)] [ParOldGen: 1383344K->1383344K(1383424K)] 1721801K->1721801K(1844224K), [Metaspace: 2588K->2588K(1056768K)], 8.8535240 secs] [Times: user=29.38 sys=0.22, real=8.85 secs] 
304.466: [Full GC (Ergonomics) [PSYoungGen: 338457K->338457K(460800K)] [ParOldGen: 1383346K->1383346K(1383424K)] 1721803K->1721803K(1844224K), [Metaspace: 2588K->2588K(1056768K)], 8.5712793 secs] [Times: user=28.88 sys=0.06, real=8.57 secs] 
313.037: [Full GC (Ergonomics) [PSYoungGen: 338457K->338457K(460800K)] [ParOldGen: 1383347K->1383347K(1383424K)] 1721805K->1721805K(1844224K), [Metaspace: 2588K->2588K(1056768K)], 8.7720514 secs] [Times: user=28.97 sys=0.19, real=8.77 secs] 
321.810: [Full GC (Ergonomics) [PSYoungGen: 338457K->338457K(460800K)] [ParOldGen: 1383349K->1383349K(1383424K)] 1721806K->1721806K(1844224K), [Metaspace: 2588K->2588K(1056768K)], 8.6223750 secs] [Times: user=29.05 sys=0.08, real=8.62 secs] 
330.432: [Full GC (Ergonomics) [PSYoungGen: 338457K->338457K(460800K)] [ParOldGen: 1383351K->1383351K(1383424K)] 1721808K->1721808K(1844224K), [Metaspace: 2588K->2588K(1056768K)], 8.6168523 secs] [Times: user=29.19 sys=0.11, real=8.62 secs] 
339.049: [Full GC (Ergonomics) [PSYoungGen: 338457K->338457K(460800K)] [ParOldGen: 1383353K->1383353K(1383424K)] 1721810K->1721810K(1844224K), [Metaspace: 2588K->2588K(1056768K)], 8.8009013 secs] [Times: user=28.63 sys=0.19, real=8.80 secs] 
347.851: [Full GC (Ergonomics) [PSYoungGen: 338457K->338457K(460800K)] [ParOldGen: 1383355K->1383343K(1383424K)] 1721812K->1721800K(1844224K), [Metaspace: 2588K->2588K(1056768K)], 11.5004845 secs] [Times: user=35.86 sys=0.19, real=11.50 secs] 
359.351: [Full GC (Ergonomics) [PSYoungGen: 338457K->338457K(460800K)] [ParOldGen: 1383345K->1383345K(1383424K)] 1721802K->1721802K(1844224K), [Metaspace: 2588K->2588K(1056768K)], 8.8006816 secs] [Times: user=28.27 sys=0.11, real=8.80 secs] 
368.152: [Full GC (Ergonomics) [PSYoungGen: 338457K->338457K(460800K)] [ParOldGen: 1383346K->1383346K(1383424K)] 1721804K->1721804K(1844224K), [Metaspace: 2588K->2588K(1056768K)], 8.6221502 secs] [Times: user=28.89 sys=0.14, real=8.62 secs] 
376.775: [Full GC (Ergonomics) [PSYoungGen: 338457K->338457K(460800K)] [ParOldGen: 1383348K->1383348K(1383424K)] 1721805K->1721805K(1844224K), [Metaspace: 2588K->2588K(1056768K)], 8.5765725 secs] [Times: user=28.64 sys=0.20, real=8.58 secs] 
385.352: [Full GC (Ergonomics) [PSYoungGen: 338457K->338457K(460800K)] [ParOldGen: 1383350K->1383350K(1383424K)] 1721807K->1721807K(1844224K), [Metaspace: 2588K->2588K(1056768K)], 8.5695079 secs] [Times: user=28.24 sys=0.20, real=8.57 secs] 
393.921: [Full GC (Ergonomics) [PSYoungGen: 338457K->338457K(460800K)] [ParOldGen: 1383352K->1383352K(1383424K)] 1721809K->1721809K(1844224K), [Metaspace: 2588K->2588K(1056768K)], 8.5269444 secs] [Times: user=28.92 sys=0.17, real=8.53 secs] 
402.449: [Full GC (Ergonomics) [PSYoungGen: 338457K->338457K(460800K)] [ParOldGen: 1383354K->1383354K(1383424K)] 1721811K->1721811K(1844224K), [Metaspace: 2588K->2588K(1056768K)], 8.7436152 secs] [Times: user=28.45 sys=0.09, real=8.74 secs] 
573.567: [Full GC (Ergonomics) [PSYoungGen: 338457K->338457K(460800K)] [ParOldGen: 1383357K->1383355K(1383424K)] 1721814K->1721813K(1844224K), [Metaspace: 2612K->2612K(1056768K)], 11.1536236 secs] [Times: user=36.93 sys=0.20, real=11.15 secs] 
Heap
 PSYoungGen      total 460800K, used 338457K [0x00000000d5d00000, 0x0000000100000000, 0x0000000100000000)
  eden space 230400K, 99% used [0x00000000d5d00000,0x00000000e3dffff8,0x00000000e3e00000)
  from space 230400K, 46% used [0x00000000f1f00000,0x00000000f8886530,0x0000000100000000)
  to   space 230400K, 0% used [0x00000000e3e00000,0x00000000e3e00000,0x00000000f1f00000)
 ParOldGen       total 1383424K, used 1383358K [0x0000000081600000, 0x00000000d5d00000, 0x00000000d5d00000)
  object space 1383424K, 99% used [0x0000000081600000,0x00000000d5cef880,0x00000000d5d00000)
 Metaspace       used 2618K, capacity 4490K, committed 4864K, reserved 1056768K
  class space    used 288K, capacity 386K, committed 512K, reserved 1048576K
